I"Ç	<h2 id="pasos-para-usar-la-consola">Pasos para usar la consola</h2>

<p>Se recomienda renombrar los archivos lo menos posible</p>

<p>Conocer el estado de los archivos en el repositorio</p>
<pre><code class="language-cmd">git status
</code></pre>

<p>La salida puede ser la siguiente</p>

<pre><code class="language-cmd">$ git status
On branch dev_schematics
Your branch is up to date with 'origin/dev_schematics'.

nothing to commit, working tree clean
</code></pre>

<p>Cuando se ha agregado un nuevo archivo en local los pasos son los siguientes</p>

<pre><code class="language-cmd">git add NewFile.drawio
</code></pre>

<p>ver de nuevo el estado del repositorio</p>
<pre><code class="language-cmd">git status
</code></pre>

<p>la salida obtenida es la siguiente</p>
<pre><code class="language-cmd">On branch dev_schematics
Your branch is up to date with 'origin/dev_schematics'.

Changes to be committed:
  (use "git restore --staged &lt;file&gt;..." to unstage)
        new file:   NewFile.drawio
</code></pre>

<p>lg@LAPTOP-701N6NQB MINGW64 /d/GitLab/kiw-e (dev_schematics)
$ git commit -m ‚Äúnew file test‚Äù
[dev_schematics c07d9cf] new file test
 1 file changed, 174 insertions(+)
 create mode 100644 NewFile.drawio</p>

<p>lg@LAPTOP-701N6NQB MINGW64 /d/GitLab/kiw-e (dev_schematics)
$ git status
On branch dev_schematics
Your branch is ahead of ‚Äòorigin/dev_schematics‚Äô by 1 commit.
  (use ‚Äúgit push‚Äù to publish your local commits)</p>

<p>nothing to commit, working tree clean</p>

<p>lg@LAPTOP-701N6NQB MINGW64 /d/GitLab/kiw-e (dev_schematics)
$ git push
warning: redirecting to https://gitlab.com/LorenaGonzalezJ/kiw-e.git/
Enumerating objects: 3, done.
Counting objects: 100% (3/3), done.
Delta compression using up to 4 threads
Compressing objects: 100% (2/2), done.
Writing objects: 100% (2/2), 245 bytes | 245.00 KiB/s, done.
Total 2 (delta 1), reused 0 (delta 0), pack-reused 0
remote:
remote: To create a merge request for dev_schematics, visit:
remote:   https://gitlab.com/LorenaGonzalezJ/kiw-e/-/merge_requests/new?merge_re
quest%5Bsource_branch%5D=dev_schematics
remote:
To https://gitlab.com/LorenaGonzalezJ/kiw-e
   6bc3e15..c07d9cf  dev_schematics -&gt; dev_schematics</p>

<p>lg@LAPTOP-701N6NQB MINGW64 /d/GitLab/kiw-e (dev_schematics)
$</p>

<p>(use ‚Äúgit add/rm <file>..." to update what will be committed)
  (use "git restore <file>..." to discard changes in working directory)</file></file></p>
:ET